// Jest Snapshot v1, https://goo.gl/fbAQLP

exports[`container <TodoFilterLink /> should render correctly 1`] = `
<Route
  render={[Function]}
/>
`;
