// Jest Snapshot v1, https://goo.gl/fbAQLP

exports[`component <ResizableContainer> should render correctly 1`] = `
<div
  style={
    Object {
      "height": "100%",
      "width": "100%",
    }
  }
/>
`;
